{"timestamp":"2026-04-18T05:55:17.526173Z","level":"info","event":"Filling up the DagBag from /opt/airflow/dags/10_Special_Date_dag.py","logger":"airflow.models.dagbag.BundleDagBag","filename":"dagbag.py","lineno":593}
{"timestamp":"2026-04-18T05:55:17.548924Z","level":"error","event":"Failed to import: /opt/airflow/dags/10_Special_Date_dag.py","logger":"airflow.models.dagbag.BundleDagBag","filename":"dagbag.py","lineno":415,"error_detail":[{"exc_type":"SyntaxError","exc_value":"'[' was never closed (10_Special_Date_dag.py, line 5)","exc_notes":[],"syntax_error":{"offset":17,"filename":"/opt/airflow/dags/10_Special_Date_dag.py","line":"special_dates = [\n","lineno":5,"msg":"'[' was never closed"},"is_cause":false,"frames":[{"filename":"/home/airflow/.local/lib/python3.12/site-packages/airflow/models/dagbag.py","lineno":405,"name":"parse"},{"filename":"<frozen importlib._bootstrap_external>","lineno":995,"name":"exec_module"},{"filename":"<frozen importlib._bootstrap_external>","lineno":1133,"name":"get_code"},{"filename":"<frozen importlib._bootstrap_external>","lineno":1063,"name":"source_to_code"},{"filename":"<frozen importlib._bootstrap>","lineno":488,"name":"_call_with_frames_removed"}],"is_group":false,"exceptions":[]}]}
{"timestamp":"2026-04-18T05:55:23.749122Z","level":"info","event":"Filling up the DagBag from /opt/airflow/dags/10_Special_Date_dag.py","logger":"airflow.models.dagbag.BundleDagBag","filename":"dagbag.py","lineno":593}
{"timestamp":"2026-04-18T05:55:28.500876Z","level":"info","event":"Filling up the DagBag from /opt/airflow/dags/10_Special_Date_dag.py","logger":"airflow.models.dagbag.BundleDagBag","filename":"dagbag.py","lineno":593}
{"timestamp":"2026-04-18T05:55:28.567651Z","level":"error","event":"Failed to import: /opt/airflow/dags/10_Special_Date_dag.py","logger":"airflow.models.dagbag.BundleDagBag","filename":"dagbag.py","lineno":415,"error_detail":[{"exc_type":"NameError","exc_value":"name 'special_da' is not defined","exc_notes":[],"syntax_error":null,"is_cause":false,"frames":[{"filename":"/home/airflow/.local/lib/python3.12/site-packages/airflow/models/dagbag.py","lineno":405,"name":"parse"},{"filename":"<frozen importlib._bootstrap_external>","lineno":999,"name":"exec_module"},{"filename":"<frozen importlib._bootstrap>","lineno":488,"name":"_call_with_frames_removed"},{"filename":"/opt/airflow/dags/10_Special_Date_dag.py","lineno":6,"name":"<module>"}],"is_group":false,"exceptions":[]}]}
{"timestamp":"2026-04-18T05:55:30.791390Z","level":"info","event":"Filling up the DagBag from /opt/airflow/dags/10_Special_Date_dag.py","logger":"airflow.models.dagbag.BundleDagBag","filename":"dagbag.py","lineno":593}
{"timestamp":"2026-04-18T05:55:30.817758Z","level":"error","event":"Failed to import: /opt/airflow/dags/10_Special_Date_dag.py","logger":"airflow.models.dagbag.BundleDagBag","filename":"dagbag.py","lineno":415,"error_detail":[{"exc_type":"SyntaxError","exc_value":"invalid syntax (10_Special_Date_dag.py, line 6)","exc_notes":[],"syntax_error":{"offset":15,"filename":"/opt/airflow/dags/10_Special_Date_dag.py","line":"special_date =","lineno":6,"msg":"invalid syntax"},"is_cause":false,"frames":[{"filename":"/home/airflow/.local/lib/python3.12/site-packages/airflow/models/dagbag.py","lineno":405,"name":"parse"},{"filename":"<frozen importlib._bootstrap_external>","lineno":995,"name":"exec_module"},{"filename":"<frozen importlib._bootstrap_external>","lineno":1133,"name":"get_code"},{"filename":"<frozen importlib._bootstrap_external>","lineno":1063,"name":"source_to_code"},{"filename":"<frozen importlib._bootstrap>","lineno":488,"name":"_call_with_frames_removed"}],"is_group":false,"exceptions":[]}]}
{"timestamp":"2026-04-18T05:55:35.057214Z","level":"info","event":"Filling up the DagBag from /opt/airflow/dags/10_Special_Date_dag.py","logger":"airflow.models.dagbag.BundleDagBag","filename":"dagbag.py","lineno":593}
{"timestamp":"2026-04-18T05:55:36.318182Z","level":"info","event":"Filling up the DagBag from /opt/airflow/dags/10_Special_Date_dag.py","logger":"airflow.models.dagbag.BundleDagBag","filename":"dagbag.py","lineno":593}
{"timestamp":"2026-04-18T05:55:37.646445Z","level":"info","event":"Filling up the DagBag from /opt/airflow/dags/10_Special_Date_dag.py","logger":"airflow.models.dagbag.BundleDagBag","filename":"dagbag.py","lineno":593}
{"timestamp":"2026-04-18T05:55:42.014523Z","level":"info","event":"Filling up the DagBag from /opt/airflow/dags/10_Special_Date_dag.py","logger":"airflow.models.dagbag.BundleDagBag","filename":"dagbag.py","lineno":593}
{"timestamp":"2026-04-18T05:55:49.493973Z","level":"info","event":"Filling up the DagBag from /opt/airflow/dags/10_Special_Date_dag.py","logger":"airflow.models.dagbag.BundleDagBag","filename":"dagbag.py","lineno":593}
{"timestamp":"2026-04-18T05:55:52.268584Z","level":"info","event":"Filling up the DagBag from /opt/airflow/dags/10_Special_Date_dag.py","logger":"airflow.models.dagbag.BundleDagBag","filename":"dagbag.py","lineno":593}
{"timestamp":"2026-04-18T05:55:52.306503Z","level":"error","event":"Failed to import: /opt/airflow/dags/10_Special_Date_dag.py","logger":"airflow.models.dagbag.BundleDagBag","filename":"dagbag.py","lineno":415,"error_detail":[{"exc_type":"SyntaxError","exc_value":"positional argument follows keyword argument (10_Special_Date_dag.py, line 7)","exc_notes":[],"syntax_error":{"offset":29,"filename":"/opt/airflow/dags/10_Special_Date_dag.py","line":"    datetime(year=2026, 2, 6)\n","lineno":7,"msg":"positional argument follows keyword argument"},"is_cause":false,"frames":[{"filename":"/home/airflow/.local/lib/python3.12/site-packages/airflow/models/dagbag.py","lineno":405,"name":"parse"},{"filename":"<frozen importlib._bootstrap_external>","lineno":995,"name":"exec_module"},{"filename":"<frozen importlib._bootstrap_external>","lineno":1133,"name":"get_code"},{"filename":"<frozen importlib._bootstrap_external>","lineno":1063,"name":"source_to_code"},{"filename":"<frozen importlib._bootstrap>","lineno":488,"name":"_call_with_frames_removed"}],"is_group":false,"exceptions":[]}]}
{"timestamp":"2026-04-18T05:55:53.965061Z","level":"info","event":"Filling up the DagBag from /opt/airflow/dags/10_Special_Date_dag.py","logger":"airflow.models.dagbag.BundleDagBag","filename":"dagbag.py","lineno":593}
{"timestamp":"2026-04-18T05:55:53.994707Z","level":"error","event":"Failed to import: /opt/airflow/dags/10_Special_Date_dag.py","logger":"airflow.models.dagbag.BundleDagBag","filename":"dagbag.py","lineno":415,"error_detail":[{"exc_type":"SyntaxError","exc_value":"positional argument follows keyword argument (10_Special_Date_dag.py, line 8)","exc_notes":[],"syntax_error":{"offset":23,"filename":"/opt/airflow/dags/10_Special_Date_dag.py","line":"    datetime(year=2, 6)\n","lineno":8,"msg":"positional argument follows keyword argument"},"is_cause":false,"frames":[{"filename":"/home/airflow/.local/lib/python3.12/site-packages/airflow/models/dagbag.py","lineno":405,"name":"parse"},{"filename":"<frozen importlib._bootstrap_external>","lineno":995,"name":"exec_module"},{"filename":"<frozen importlib._bootstrap_external>","lineno":1133,"name":"get_code"},{"filename":"<frozen importlib._bootstrap_external>","lineno":1063,"name":"source_to_code"},{"filename":"<frozen importlib._bootstrap>","lineno":488,"name":"_call_with_frames_removed"}],"is_group":false,"exceptions":[]}]}
{"timestamp":"2026-04-18T05:55:56.493235Z","level":"info","event":"Filling up the DagBag from /opt/airflow/dags/10_Special_Date_dag.py","logger":"airflow.models.dagbag.BundleDagBag","filename":"dagbag.py","lineno":593}
{"timestamp":"2026-04-18T05:55:56.547992Z","level":"error","event":"Failed to import: /opt/airflow/dags/10_Special_Date_dag.py","logger":"airflow.models.dagbag.BundleDagBag","filename":"dagbag.py","lineno":415,"error_detail":[{"exc_type":"TypeError","exc_value":"datetime() missing 2 required positional arguments: 'month' and 'day'","exc_notes":[],"syntax_error":null,"is_cause":false,"frames":[{"filename":"/home/airflow/.local/lib/python3.12/site-packages/airflow/models/dagbag.py","lineno":405,"name":"parse"},{"filename":"<frozen importlib._bootstrap_external>","lineno":999,"name":"exec_module"},{"filename":"<frozen importlib._bootstrap>","lineno":488,"name":"_call_with_frames_removed"},{"filename":"/opt/airflow/dags/10_Special_Date_dag.py","lineno":11,"name":"<module>"}],"is_group":false,"exceptions":[]}]}
{"timestamp":"2026-04-18T05:55:57.850244Z","level":"info","event":"Filling up the DagBag from /opt/airflow/dags/10_Special_Date_dag.py","logger":"airflow.models.dagbag.BundleDagBag","filename":"dagbag.py","lineno":593}
{"timestamp":"2026-04-18T05:56:07.439268Z","level":"info","event":"Filling up the DagBag from /opt/airflow/dags/10_Special_Date_dag.py","logger":"airflow.models.dagbag.BundleDagBag","filename":"dagbag.py","lineno":593}
{"timestamp":"2026-04-18T05:56:38.345455Z","level":"info","event":"Filling up the DagBag from /opt/airflow/dags/10_Special_Date_dag.py","logger":"airflow.models.dagbag.BundleDagBag","filename":"dagbag.py","lineno":593}
{"timestamp":"2026-04-18T05:56:49.070261Z","level":"info","event":"Filling up the DagBag from /opt/airflow/dags/10_Special_Date_dag.py","logger":"airflow.models.dagbag.BundleDagBag","filename":"dagbag.py","lineno":593}
{"timestamp":"2026-04-18T05:57:19.485215Z","level":"info","event":"Filling up the DagBag from /opt/airflow/dags/10_Special_Date_dag.py","logger":"airflow.models.dagbag.BundleDagBag","filename":"dagbag.py","lineno":593}
{"timestamp":"2026-04-18T05:57:32.524648Z","level":"info","event":"Filling up the DagBag from /opt/airflow/dags/10_Special_Date_dag.py","logger":"airflow.models.dagbag.BundleDagBag","filename":"dagbag.py","lineno":593}
{"timestamp":"2026-04-18T05:57:34.227473Z","level":"info","event":"Filling up the DagBag from /opt/airflow/dags/10_Special_Date_dag.py","logger":"airflow.models.dagbag.BundleDagBag","filename":"dagbag.py","lineno":593}
{"timestamp":"2026-04-18T05:57:34.271085Z","level":"error","event":"Failed to import: /opt/airflow/dags/10_Special_Date_dag.py","logger":"airflow.models.dagbag.BundleDagBag","filename":"dagbag.py","lineno":415,"error_detail":[{"exc_type":"SyntaxError","exc_value":"invalid syntax (10_Special_Date_dag.py, line 21)","exc_notes":[],"syntax_error":{"offset":0,"filename":"/opt/airflow/dags/10_Special_Date_dag.py","line":")\n","lineno":21,"msg":"invalid syntax"},"is_cause":false,"frames":[{"filename":"/home/airflow/.local/lib/python3.12/site-packages/airflow/models/dagbag.py","lineno":405,"name":"parse"},{"filename":"<frozen importlib._bootstrap_external>","lineno":995,"name":"exec_module"},{"filename":"<frozen importlib._bootstrap_external>","lineno":1133,"name":"get_code"},{"filename":"<frozen importlib._bootstrap_external>","lineno":1063,"name":"source_to_code"},{"filename":"<frozen importlib._bootstrap>","lineno":488,"name":"_call_with_frames_removed"}],"is_group":false,"exceptions":[]}]}
{"timestamp":"2026-04-18T05:57:36.923847Z","level":"info","event":"Filling up the DagBag from /opt/airflow/dags/10_Special_Date_dag.py","logger":"airflow.models.dagbag.BundleDagBag","filename":"dagbag.py","lineno":593}
{"timestamp":"2026-04-18T05:57:37.060522Z","level":"error","event":"Failed to import: /opt/airflow/dags/10_Special_Date_dag.py","logger":"airflow.models.dagbag.BundleDagBag","filename":"dagbag.py","lineno":415,"error_detail":[{"exc_type":"IndentationError","exc_value":"expected an indented block after function definition on line 22 (10_Special_Date_dag.py, line 24)","exc_notes":[],"syntax_error":{"offset":5,"filename":"/opt/airflow/dags/10_Special_Date_dag.py","line":"    \n","lineno":24,"msg":"expected an indented block after function definition on line 22"},"is_cause":false,"frames":[{"filename":"/home/airflow/.local/lib/python3.12/site-packages/airflow/models/dagbag.py","lineno":405,"name":"parse"},{"filename":"<frozen importlib._bootstrap_external>","lineno":995,"name":"exec_module"},{"filename":"<frozen importlib._bootstrap_external>","lineno":1133,"name":"get_code"},{"filename":"<frozen importlib._bootstrap_external>","lineno":1063,"name":"source_to_code"},{"filename":"<frozen importlib._bootstrap>","lineno":488,"name":"_call_with_frames_removed"}],"is_group":false,"exceptions":[]}]}
{"timestamp":"2026-04-18T05:57:38.691796Z","level":"info","event":"Filling up the DagBag from /opt/airflow/dags/10_Special_Date_dag.py","logger":"airflow.models.dagbag.BundleDagBag","filename":"dagbag.py","lineno":593}
{"timestamp":"2026-04-18T05:57:40.980410Z","level":"info","event":"Filling up the DagBag from /opt/airflow/dags/10_Special_Date_dag.py","logger":"airflow.models.dagbag.BundleDagBag","filename":"dagbag.py","lineno":593}
{"timestamp":"2026-04-18T05:57:48.356360Z","level":"info","event":"Filling up the DagBag from /opt/airflow/dags/10_Special_Date_dag.py","logger":"airflow.models.dagbag.BundleDagBag","filename":"dagbag.py","lineno":593}
{"timestamp":"2026-04-18T05:57:48.385459Z","level":"error","event":"Failed to import: /opt/airflow/dags/10_Special_Date_dag.py","logger":"airflow.models.dagbag.BundleDagBag","filename":"dagbag.py","lineno":415,"error_detail":[{"exc_type":"IndentationError","exc_value":"unindent does not match any outer indentation level (10_Special_Date_dag.py, line 28)","exc_notes":[],"syntax_error":{"offset":19,"filename":"/opt/airflow/dags/10_Special_Date_dag.py","line":"      print_date()\n","lineno":28,"msg":"unindent does not match any outer indentation level"},"is_cause":false,"frames":[{"filename":"/home/airflow/.local/lib/python3.12/site-packages/airflow/models/dagbag.py","lineno":405,"name":"parse"},{"filename":"<frozen importlib._bootstrap_external>","lineno":995,"name":"exec_module"},{"filename":"<frozen importlib._bootstrap_external>","lineno":1133,"name":"get_code"},{"filename":"<frozen importlib._bootstrap_external>","lineno":1063,"name":"source_to_code"},{"filename":"<frozen importlib._bootstrap>","lineno":488,"name":"_call_with_frames_removed"}],"is_group":false,"exceptions":[]}]}
{"timestamp":"2026-04-18T05:57:50.590610Z","level":"info","event":"Filling up the DagBag from /opt/airflow/dags/10_Special_Date_dag.py","logger":"airflow.models.dagbag.BundleDagBag","filename":"dagbag.py","lineno":593}
{"timestamp":"2026-04-18T05:57:50.623115Z","level":"error","event":"Failed to import: /opt/airflow/dags/10_Special_Date_dag.py","logger":"airflow.models.dagbag.BundleDagBag","filename":"dagbag.py","lineno":415,"error_detail":[{"exc_type":"IndentationError","exc_value":"unindent does not match any outer indentation level (10_Special_Date_dag.py, line 28)","exc_notes":[],"syntax_error":{"offset":18,"filename":"/opt/airflow/dags/10_Special_Date_dag.py","line":"     print_date()\n","lineno":28,"msg":"unindent does not match any outer indentation level"},"is_cause":false,"frames":[{"filename":"/home/airflow/.local/lib/python3.12/site-packages/airflow/models/dagbag.py","lineno":405,"name":"parse"},{"filename":"<frozen importlib._bootstrap_external>","lineno":995,"name":"exec_module"},{"filename":"<frozen importlib._bootstrap_external>","lineno":1133,"name":"get_code"},{"filename":"<frozen importlib._bootstrap_external>","lineno":1063,"name":"source_to_code"},{"filename":"<frozen importlib._bootstrap>","lineno":488,"name":"_call_with_frames_removed"}],"is_group":false,"exceptions":[]}]}
{"timestamp":"2026-04-18T05:57:52.830407Z","level":"info","event":"Filling up the DagBag from /opt/airflow/dags/10_Special_Date_dag.py","logger":"airflow.models.dagbag.BundleDagBag","filename":"dagbag.py","lineno":593}
{"timestamp":"2026-04-18T05:57:54.694455Z","level":"info","event":"Filling up the DagBag from /opt/airflow/dags/10_Special_Date_dag.py","logger":"airflow.models.dagbag.BundleDagBag","filename":"dagbag.py","lineno":593}
{"timestamp":"2026-04-18T05:58:25.594305Z","level":"info","event":"Filling up the DagBag from /opt/airflow/dags/10_Special_Date_dag.py","logger":"airflow.models.dagbag.BundleDagBag","filename":"dagbag.py","lineno":593}
{"timestamp":"2026-04-18T05:58:27.902366Z","level":"info","event":"Filling up the DagBag from /opt/airflow/dags/10_Special_Date_dag.py","logger":"airflow.models.dagbag.BundleDagBag","filename":"dagbag.py","lineno":593}
{"timestamp":"2026-04-18T05:58:27.962721Z","level":"error","event":"Failed to import: /opt/airflow/dags/10_Special_Date_dag.py","logger":"airflow.models.dagbag.BundleDagBag","filename":"dagbag.py","lineno":415,"error_detail":[{"exc_type":"SyntaxError","exc_value":"expected argument value expression (10_Special_Date_dag.py, line 18)","exc_notes":[],"syntax_error":{"offset":30,"filename":"/opt/airflow/dags/10_Special_Date_dag.py","line":"    schedule=EventsTimetable(special_date=),\n","lineno":18,"msg":"expected argument value expression"},"is_cause":false,"frames":[{"filename":"/home/airflow/.local/lib/python3.12/site-packages/airflow/models/dagbag.py","lineno":405,"name":"parse"},{"filename":"<frozen importlib._bootstrap_external>","lineno":995,"name":"exec_module"},{"filename":"<frozen importlib._bootstrap_external>","lineno":1133,"name":"get_code"},{"filename":"<frozen importlib._bootstrap_external>","lineno":1063,"name":"source_to_code"},{"filename":"<frozen importlib._bootstrap>","lineno":488,"name":"_call_with_frames_removed"}],"is_group":false,"exceptions":[]}]}
{"timestamp":"2026-04-18T05:58:28.316688Z","level":"info","event":"Filling up the DagBag from /opt/airflow/dags/10_Special_Date_dag.py","logger":"airflow.models.dagbag.BundleDagBag","filename":"dagbag.py","lineno":593}
{"timestamp":"2026-04-18T05:58:28.416314Z","level":"error","event":"Failed to import: /opt/airflow/dags/10_Special_Date_dag.py","logger":"airflow.models.dagbag.BundleDagBag","filename":"dagbag.py","lineno":415,"error_detail":[{"exc_type":"TypeError","exc_value":"EventsTimetable.__init__() got an unexpected keyword argument 'special_date'","exc_notes":[],"syntax_error":null,"is_cause":false,"frames":[{"filename":"/home/airflow/.local/lib/python3.12/site-packages/airflow/models/dagbag.py","lineno":405,"name":"parse"},{"filename":"<frozen importlib._bootstrap_external>","lineno":999,"name":"exec_module"},{"filename":"<frozen importlib._bootstrap>","lineno":488,"name":"_call_with_frames_removed"},{"filename":"/opt/airflow/dags/10_Special_Date_dag.py","lineno":18,"name":"<module>"}],"is_group":false,"exceptions":[]}]}
{"timestamp":"2026-04-18T05:58:34.792038Z","level":"info","event":"Filling up the DagBag from /opt/airflow/dags/10_Special_Date_dag.py","logger":"airflow.models.dagbag.BundleDagBag","filename":"dagbag.py","lineno":593}
{"timestamp":"2026-04-18T05:58:34.878436Z","level":"error","event":"Failed to import: /opt/airflow/dags/10_Special_Date_dag.py","logger":"airflow.models.dagbag.BundleDagBag","filename":"dagbag.py","lineno":415,"error_detail":[{"exc_type":"TypeError","exc_value":"EventsTimetable.__init__() got an unexpected keyword argument 'specialdate'","exc_notes":[],"syntax_error":null,"is_cause":false,"frames":[{"filename":"/home/airflow/.local/lib/python3.12/site-packages/airflow/models/dagbag.py","lineno":405,"name":"parse"},{"filename":"<frozen importlib._bootstrap_external>","lineno":999,"name":"exec_module"},{"filename":"<frozen importlib._bootstrap>","lineno":488,"name":"_call_with_frames_removed"},{"filename":"/opt/airflow/dags/10_Special_Date_dag.py","lineno":18,"name":"<module>"}],"is_group":false,"exceptions":[]}]}
{"timestamp":"2026-04-18T05:58:42.257673Z","level":"info","event":"Filling up the DagBag from /opt/airflow/dags/10_Special_Date_dag.py","logger":"airflow.models.dagbag.BundleDagBag","filename":"dagbag.py","lineno":593}
{"timestamp":"2026-04-18T05:59:13.158854Z","level":"info","event":"Filling up the DagBag from /opt/airflow/dags/10_Special_Date_dag.py","logger":"airflow.models.dagbag.BundleDagBag","filename":"dagbag.py","lineno":593}
{"timestamp":"2026-04-18T05:59:43.423626Z","level":"info","event":"Filling up the DagBag from /opt/airflow/dags/10_Special_Date_dag.py","logger":"airflow.models.dagbag.BundleDagBag","filename":"dagbag.py","lineno":593}
{"timestamp":"2026-04-18T06:00:14.199321Z","level":"info","event":"Filling up the DagBag from /opt/airflow/dags/10_Special_Date_dag.py","logger":"airflow.models.dagbag.BundleDagBag","filename":"dagbag.py","lineno":593}
{"timestamp":"2026-04-18T06:00:44.379771Z","level":"info","event":"Filling up the DagBag from /opt/airflow/dags/10_Special_Date_dag.py","logger":"airflow.models.dagbag.BundleDagBag","filename":"dagbag.py","lineno":593}
{"timestamp":"2026-04-18T06:01:14.524263Z","level":"info","event":"Filling up the DagBag from /opt/airflow/dags/10_Special_Date_dag.py","logger":"airflow.models.dagbag.BundleDagBag","filename":"dagbag.py","lineno":593}
{"timestamp":"2026-04-18T06:01:45.511979Z","level":"info","event":"Filling up the DagBag from /opt/airflow/dags/10_Special_Date_dag.py","logger":"airflow.models.dagbag.BundleDagBag","filename":"dagbag.py","lineno":593}
{"timestamp":"2026-04-18T06:02:15.675418Z","level":"info","event":"Filling up the DagBag from /opt/airflow/dags/10_Special_Date_dag.py","logger":"airflow.models.dagbag.BundleDagBag","filename":"dagbag.py","lineno":593}
{"timestamp":"2026-04-18T06:02:45.893328Z","level":"info","event":"Filling up the DagBag from /opt/airflow/dags/10_Special_Date_dag.py","logger":"airflow.models.dagbag.BundleDagBag","filename":"dagbag.py","lineno":593}
{"timestamp":"2026-04-18T06:03:16.828339Z","level":"info","event":"Filling up the DagBag from /opt/airflow/dags/10_Special_Date_dag.py","logger":"airflow.models.dagbag.BundleDagBag","filename":"dagbag.py","lineno":593}
{"timestamp":"2026-04-18T06:03:47.873098Z","level":"info","event":"Filling up the DagBag from /opt/airflow/dags/10_Special_Date_dag.py","logger":"airflow.models.dagbag.BundleDagBag","filename":"dagbag.py","lineno":593}
{"timestamp":"2026-04-18T06:04:18.831846Z","level":"info","event":"Filling up the DagBag from /opt/airflow/dags/10_Special_Date_dag.py","logger":"airflow.models.dagbag.BundleDagBag","filename":"dagbag.py","lineno":593}
{"timestamp":"2026-04-18T06:04:48.971714Z","level":"info","event":"Filling up the DagBag from /opt/airflow/dags/10_Special_Date_dag.py","logger":"airflow.models.dagbag.BundleDagBag","filename":"dagbag.py","lineno":593}
{"timestamp":"2026-04-18T06:05:19.179731Z","level":"info","event":"Filling up the DagBag from /opt/airflow/dags/10_Special_Date_dag.py","logger":"airflow.models.dagbag.BundleDagBag","filename":"dagbag.py","lineno":593}
{"timestamp":"2026-04-18T06:05:49.311345Z","level":"info","event":"Filling up the DagBag from /opt/airflow/dags/10_Special_Date_dag.py","logger":"airflow.models.dagbag.BundleDagBag","filename":"dagbag.py","lineno":593}
{"timestamp":"2026-04-18T06:06:19.578661Z","level":"info","event":"Filling up the DagBag from /opt/airflow/dags/10_Special_Date_dag.py","logger":"airflow.models.dagbag.BundleDagBag","filename":"dagbag.py","lineno":593}
{"timestamp":"2026-04-18T06:06:50.525163Z","level":"info","event":"Filling up the DagBag from /opt/airflow/dags/10_Special_Date_dag.py","logger":"airflow.models.dagbag.BundleDagBag","filename":"dagbag.py","lineno":593}
{"timestamp":"2026-04-18T06:06:56.870271Z","level":"info","event":"Filling up the DagBag from /opt/airflow/dags/10_Special_Date_dag.py","logger":"airflow.models.dagbag.BundleDagBag","filename":"dagbag.py","lineno":593}
{"timestamp":"2026-04-18T06:07:27.118265Z","level":"info","event":"Filling up the DagBag from /opt/airflow/dags/10_Special_Date_dag.py","logger":"airflow.models.dagbag.BundleDagBag","filename":"dagbag.py","lineno":593}
{"timestamp":"2026-04-18T06:07:57.404225Z","level":"info","event":"Filling up the DagBag from /opt/airflow/dags/10_Special_Date_dag.py","logger":"airflow.models.dagbag.BundleDagBag","filename":"dagbag.py","lineno":593}
{"timestamp":"2026-04-18T06:08:27.982802Z","level":"info","event":"Filling up the DagBag from /opt/airflow/dags/10_Special_Date_dag.py","logger":"airflow.models.dagbag.BundleDagBag","filename":"dagbag.py","lineno":593}
{"timestamp":"2026-04-18T06:08:58.323308Z","level":"info","event":"Filling up the DagBag from /opt/airflow/dags/10_Special_Date_dag.py","logger":"airflow.models.dagbag.BundleDagBag","filename":"dagbag.py","lineno":593}
{"timestamp":"2026-04-18T06:09:28.877575Z","level":"info","event":"Filling up the DagBag from /opt/airflow/dags/10_Special_Date_dag.py","logger":"airflow.models.dagbag.BundleDagBag","filename":"dagbag.py","lineno":593}
{"timestamp":"2026-04-18T06:09:59.357025Z","level":"info","event":"Filling up the DagBag from /opt/airflow/dags/10_Special_Date_dag.py","logger":"airflow.models.dagbag.BundleDagBag","filename":"dagbag.py","lineno":593}
{"timestamp":"2026-04-18T06:10:29.864934Z","level":"info","event":"Filling up the DagBag from /opt/airflow/dags/10_Special_Date_dag.py","logger":"airflow.models.dagbag.BundleDagBag","filename":"dagbag.py","lineno":593}
{"timestamp":"2026-04-18T06:11:00.432122Z","level":"info","event":"Filling up the DagBag from /opt/airflow/dags/10_Special_Date_dag.py","logger":"airflow.models.dagbag.BundleDagBag","filename":"dagbag.py","lineno":593}
{"timestamp":"2026-04-18T06:11:30.992954Z","level":"info","event":"Filling up the DagBag from /opt/airflow/dags/10_Special_Date_dag.py","logger":"airflow.models.dagbag.BundleDagBag","filename":"dagbag.py","lineno":593}
{"timestamp":"2026-04-18T06:12:02.271955Z","level":"info","event":"Filling up the DagBag from /opt/airflow/dags/10_Special_Date_dag.py","logger":"airflow.models.dagbag.BundleDagBag","filename":"dagbag.py","lineno":593}
{"timestamp":"2026-04-18T06:12:32.651722Z","level":"info","event":"Filling up the DagBag from /opt/airflow/dags/10_Special_Date_dag.py","logger":"airflow.models.dagbag.BundleDagBag","filename":"dagbag.py","lineno":593}
{"timestamp":"2026-04-18T06:13:03.112307Z","level":"info","event":"Filling up the DagBag from /opt/airflow/dags/10_Special_Date_dag.py","logger":"airflow.models.dagbag.BundleDagBag","filename":"dagbag.py","lineno":593}
{"timestamp":"2026-04-18T06:13:34.039315Z","level":"info","event":"Filling up the DagBag from /opt/airflow/dags/10_Special_Date_dag.py","logger":"airflow.models.dagbag.BundleDagBag","filename":"dagbag.py","lineno":593}
{"timestamp":"2026-04-18T06:14:04.528253Z","level":"info","event":"Filling up the DagBag from /opt/airflow/dags/10_Special_Date_dag.py","logger":"airflow.models.dagbag.BundleDagBag","filename":"dagbag.py","lineno":593}
{"timestamp":"2026-04-18T06:14:35.370699Z","level":"info","event":"Filling up the DagBag from /opt/airflow/dags/10_Special_Date_dag.py","logger":"airflow.models.dagbag.BundleDagBag","filename":"dagbag.py","lineno":593}
{"timestamp":"2026-04-18T06:15:06.282162Z","level":"info","event":"Filling up the DagBag from /opt/airflow/dags/10_Special_Date_dag.py","logger":"airflow.models.dagbag.BundleDagBag","filename":"dagbag.py","lineno":593}
{"timestamp":"2026-04-18T06:15:36.829264Z","level":"info","event":"Filling up the DagBag from /opt/airflow/dags/10_Special_Date_dag.py","logger":"airflow.models.dagbag.BundleDagBag","filename":"dagbag.py","lineno":593}
{"timestamp":"2026-04-18T06:16:07.410023Z","level":"info","event":"Filling up the DagBag from /opt/airflow/dags/10_Special_Date_dag.py","logger":"airflow.models.dagbag.BundleDagBag","filename":"dagbag.py","lineno":593}
{"timestamp":"2026-04-18T06:16:37.935174Z","level":"info","event":"Filling up the DagBag from /opt/airflow/dags/10_Special_Date_dag.py","logger":"airflow.models.dagbag.BundleDagBag","filename":"dagbag.py","lineno":593}
{"timestamp":"2026-04-18T06:17:09.136363Z","level":"info","event":"Filling up the DagBag from /opt/airflow/dags/10_Special_Date_dag.py","logger":"airflow.models.dagbag.BundleDagBag","filename":"dagbag.py","lineno":593}
{"timestamp":"2026-04-18T06:17:39.472075Z","level":"info","event":"Filling up the DagBag from /opt/airflow/dags/10_Special_Date_dag.py","logger":"airflow.models.dagbag.BundleDagBag","filename":"dagbag.py","lineno":593}
{"timestamp":"2026-04-18T06:18:10.156520Z","level":"info","event":"Filling up the DagBag from /opt/airflow/dags/10_Special_Date_dag.py","logger":"airflow.models.dagbag.BundleDagBag","filename":"dagbag.py","lineno":593}
{"timestamp":"2026-04-18T06:18:40.612965Z","level":"info","event":"Filling up the DagBag from /opt/airflow/dags/10_Special_Date_dag.py","logger":"airflow.models.dagbag.BundleDagBag","filename":"dagbag.py","lineno":593}
{"timestamp":"2026-04-18T06:19:11.460268Z","level":"info","event":"Filling up the DagBag from /opt/airflow/dags/10_Special_Date_dag.py","logger":"airflow.models.dagbag.BundleDagBag","filename":"dagbag.py","lineno":593}
{"timestamp":"2026-04-18T06:19:42.370582Z","level":"info","event":"Filling up the DagBag from /opt/airflow/dags/10_Special_Date_dag.py","logger":"airflow.models.dagbag.BundleDagBag","filename":"dagbag.py","lineno":593}
{"timestamp":"2026-04-18T06:20:12.934293Z","level":"info","event":"Filling up the DagBag from /opt/airflow/dags/10_Special_Date_dag.py","logger":"airflow.models.dagbag.BundleDagBag","filename":"dagbag.py","lineno":593}
{"timestamp":"2026-04-18T06:20:44.024656Z","level":"info","event":"Filling up the DagBag from /opt/airflow/dags/10_Special_Date_dag.py","logger":"airflow.models.dagbag.BundleDagBag","filename":"dagbag.py","lineno":593}
{"timestamp":"2026-04-18T06:21:14.598485Z","level":"info","event":"Filling up the DagBag from /opt/airflow/dags/10_Special_Date_dag.py","logger":"airflow.models.dagbag.BundleDagBag","filename":"dagbag.py","lineno":593}
{"timestamp":"2026-04-18T06:21:45.044118Z","level":"info","event":"Filling up the DagBag from /opt/airflow/dags/10_Special_Date_dag.py","logger":"airflow.models.dagbag.BundleDagBag","filename":"dagbag.py","lineno":593}
{"timestamp":"2026-04-18T06:22:15.371848Z","level":"info","event":"Filling up the DagBag from /opt/airflow/dags/10_Special_Date_dag.py","logger":"airflow.models.dagbag.BundleDagBag","filename":"dagbag.py","lineno":593}
{"timestamp":"2026-04-18T06:22:46.444781Z","level":"info","event":"Filling up the DagBag from /opt/airflow/dags/10_Special_Date_dag.py","logger":"airflow.models.dagbag.BundleDagBag","filename":"dagbag.py","lineno":593}
{"timestamp":"2026-04-18T06:23:17.004241Z","level":"info","event":"Filling up the DagBag from /opt/airflow/dags/10_Special_Date_dag.py","logger":"airflow.models.dagbag.BundleDagBag","filename":"dagbag.py","lineno":593}
{"timestamp":"2026-04-18T06:53:42.894847Z","level":"info","event":"Filling up the DagBag from /opt/airflow/dags/10_Special_Date_dag.py","logger":"airflow.models.dagbag.BundleDagBag","filename":"dagbag.py","lineno":593}
{"timestamp":"2026-04-18T07:10:39.062070Z","level":"info","event":"Filling up the DagBag from /opt/airflow/dags/10_Special_Date_dag.py","logger":"airflow.models.dagbag.BundleDagBag","filename":"dagbag.py","lineno":593}
{"timestamp":"2026-04-18T07:11:09.963899Z","level":"info","event":"Filling up the DagBag from /opt/airflow/dags/10_Special_Date_dag.py","logger":"airflow.models.dagbag.BundleDagBag","filename":"dagbag.py","lineno":593}
{"timestamp":"2026-04-18T07:11:40.971710Z","level":"info","event":"Filling up the DagBag from /opt/airflow/dags/10_Special_Date_dag.py","logger":"airflow.models.dagbag.BundleDagBag","filename":"dagbag.py","lineno":593}
{"timestamp":"2026-04-18T07:12:11.314812Z","level":"info","event":"Filling up the DagBag from /opt/airflow/dags/10_Special_Date_dag.py","logger":"airflow.models.dagbag.BundleDagBag","filename":"dagbag.py","lineno":593}
{"timestamp":"2026-04-18T07:12:41.762528Z","level":"info","event":"Filling up the DagBag from /opt/airflow/dags/10_Special_Date_dag.py","logger":"airflow.models.dagbag.BundleDagBag","filename":"dagbag.py","lineno":593}
{"timestamp":"2026-04-18T07:13:12.183941Z","level":"info","event":"Filling up the DagBag from /opt/airflow/dags/10_Special_Date_dag.py","logger":"airflow.models.dagbag.BundleDagBag","filename":"dagbag.py","lineno":593}
{"timestamp":"2026-04-18T07:13:42.527439Z","level":"info","event":"Filling up the DagBag from /opt/airflow/dags/10_Special_Date_dag.py","logger":"airflow.models.dagbag.BundleDagBag","filename":"dagbag.py","lineno":593}
{"timestamp":"2026-04-18T07:14:13.229517Z","level":"info","event":"Filling up the DagBag from /opt/airflow/dags/10_Special_Date_dag.py","logger":"airflow.models.dagbag.BundleDagBag","filename":"dagbag.py","lineno":593}
{"timestamp":"2026-04-18T07:14:43.896926Z","level":"info","event":"Filling up the DagBag from /opt/airflow/dags/10_Special_Date_dag.py","logger":"airflow.models.dagbag.BundleDagBag","filename":"dagbag.py","lineno":593}
{"timestamp":"2026-04-18T07:15:14.991015Z","level":"info","event":"Filling up the DagBag from /opt/airflow/dags/10_Special_Date_dag.py","logger":"airflow.models.dagbag.BundleDagBag","filename":"dagbag.py","lineno":593}
{"timestamp":"2026-04-18T07:15:45.686513Z","level":"info","event":"Filling up the DagBag from /opt/airflow/dags/10_Special_Date_dag.py","logger":"airflow.models.dagbag.BundleDagBag","filename":"dagbag.py","lineno":593}
{"timestamp":"2026-04-18T07:16:16.063323Z","level":"info","event":"Filling up the DagBag from /opt/airflow/dags/10_Special_Date_dag.py","logger":"airflow.models.dagbag.BundleDagBag","filename":"dagbag.py","lineno":593}
{"timestamp":"2026-04-18T07:16:46.690775Z","level":"info","event":"Filling up the DagBag from /opt/airflow/dags/10_Special_Date_dag.py","logger":"airflow.models.dagbag.BundleDagBag","filename":"dagbag.py","lineno":593}
{"timestamp":"2026-04-18T07:17:17.140377Z","level":"info","event":"Filling up the DagBag from /opt/airflow/dags/10_Special_Date_dag.py","logger":"airflow.models.dagbag.BundleDagBag","filename":"dagbag.py","lineno":593}
{"timestamp":"2026-04-18T07:17:48.388334Z","level":"info","event":"Filling up the DagBag from /opt/airflow/dags/10_Special_Date_dag.py","logger":"airflow.models.dagbag.BundleDagBag","filename":"dagbag.py","lineno":593}
{"timestamp":"2026-04-18T07:18:19.023455Z","level":"info","event":"Filling up the DagBag from /opt/airflow/dags/10_Special_Date_dag.py","logger":"airflow.models.dagbag.BundleDagBag","filename":"dagbag.py","lineno":593}
{"timestamp":"2026-04-18T07:18:50.042411Z","level":"info","event":"Filling up the DagBag from /opt/airflow/dags/10_Special_Date_dag.py","logger":"airflow.models.dagbag.BundleDagBag","filename":"dagbag.py","lineno":593}
{"timestamp":"2026-04-18T07:19:20.503212Z","level":"info","event":"Filling up the DagBag from /opt/airflow/dags/10_Special_Date_dag.py","logger":"airflow.models.dagbag.BundleDagBag","filename":"dagbag.py","lineno":593}
{"timestamp":"2026-04-18T07:19:51.450268Z","level":"info","event":"Filling up the DagBag from /opt/airflow/dags/10_Special_Date_dag.py","logger":"airflow.models.dagbag.BundleDagBag","filename":"dagbag.py","lineno":593}
{"timestamp":"2026-04-18T07:20:22.090533Z","level":"info","event":"Filling up the DagBag from /opt/airflow/dags/10_Special_Date_dag.py","logger":"airflow.models.dagbag.BundleDagBag","filename":"dagbag.py","lineno":593}
{"timestamp":"2026-04-18T07:20:53.035518Z","level":"info","event":"Filling up the DagBag from /opt/airflow/dags/10_Special_Date_dag.py","logger":"airflow.models.dagbag.BundleDagBag","filename":"dagbag.py","lineno":593}
{"timestamp":"2026-04-18T07:21:23.483203Z","level":"info","event":"Filling up the DagBag from /opt/airflow/dags/10_Special_Date_dag.py","logger":"airflow.models.dagbag.BundleDagBag","filename":"dagbag.py","lineno":593}
{"timestamp":"2026-04-18T07:21:54.127383Z","level":"info","event":"Filling up the DagBag from /opt/airflow/dags/10_Special_Date_dag.py","logger":"airflow.models.dagbag.BundleDagBag","filename":"dagbag.py","lineno":593}
{"timestamp":"2026-04-18T07:22:24.795681Z","level":"info","event":"Filling up the DagBag from /opt/airflow/dags/10_Special_Date_dag.py","logger":"airflow.models.dagbag.BundleDagBag","filename":"dagbag.py","lineno":593}
{"timestamp":"2026-04-18T07:22:55.322797Z","level":"info","event":"Filling up the DagBag from /opt/airflow/dags/10_Special_Date_dag.py","logger":"airflow.models.dagbag.BundleDagBag","filename":"dagbag.py","lineno":593}
{"timestamp":"2026-04-18T07:23:26.236803Z","level":"info","event":"Filling up the DagBag from /opt/airflow/dags/10_Special_Date_dag.py","logger":"airflow.models.dagbag.BundleDagBag","filename":"dagbag.py","lineno":593}
{"timestamp":"2026-04-18T07:23:56.767148Z","level":"info","event":"Filling up the DagBag from /opt/airflow/dags/10_Special_Date_dag.py","logger":"airflow.models.dagbag.BundleDagBag","filename":"dagbag.py","lineno":593}
{"timestamp":"2026-04-18T07:24:27.331832Z","level":"info","event":"Filling up the DagBag from /opt/airflow/dags/10_Special_Date_dag.py","logger":"airflow.models.dagbag.BundleDagBag","filename":"dagbag.py","lineno":593}
{"timestamp":"2026-04-18T07:24:57.852431Z","level":"info","event":"Filling up the DagBag from /opt/airflow/dags/10_Special_Date_dag.py","logger":"airflow.models.dagbag.BundleDagBag","filename":"dagbag.py","lineno":593}
{"timestamp":"2026-04-18T07:25:28.412089Z","level":"info","event":"Filling up the DagBag from /opt/airflow/dags/10_Special_Date_dag.py","logger":"airflow.models.dagbag.BundleDagBag","filename":"dagbag.py","lineno":593}
{"timestamp":"2026-04-18T07:25:59.457754Z","level":"info","event":"Filling up the DagBag from /opt/airflow/dags/10_Special_Date_dag.py","logger":"airflow.models.dagbag.BundleDagBag","filename":"dagbag.py","lineno":593}
{"timestamp":"2026-04-18T07:26:30.518008Z","level":"info","event":"Filling up the DagBag from /opt/airflow/dags/10_Special_Date_dag.py","logger":"airflow.models.dagbag.BundleDagBag","filename":"dagbag.py","lineno":593}
{"timestamp":"2026-04-18T07:27:02.036308Z","level":"info","event":"Filling up the DagBag from /opt/airflow/dags/10_Special_Date_dag.py","logger":"airflow.models.dagbag.BundleDagBag","filename":"dagbag.py","lineno":593}
{"timestamp":"2026-04-18T07:27:33.353388Z","level":"info","event":"Filling up the DagBag from /opt/airflow/dags/10_Special_Date_dag.py","logger":"airflow.models.dagbag.BundleDagBag","filename":"dagbag.py","lineno":593}
{"timestamp":"2026-04-18T07:28:04.891326Z","level":"info","event":"Filling up the DagBag from /opt/airflow/dags/10_Special_Date_dag.py","logger":"airflow.models.dagbag.BundleDagBag","filename":"dagbag.py","lineno":593}
{"timestamp":"2026-04-18T07:28:37.269877Z","level":"info","event":"Filling up the DagBag from /opt/airflow/dags/10_Special_Date_dag.py","logger":"airflow.models.dagbag.BundleDagBag","filename":"dagbag.py","lineno":593}
{"timestamp":"2026-04-18T07:29:08.423782Z","level":"info","event":"Filling up the DagBag from /opt/airflow/dags/10_Special_Date_dag.py","logger":"airflow.models.dagbag.BundleDagBag","filename":"dagbag.py","lineno":593}
{"timestamp":"2026-04-18T07:29:38.678960Z","level":"info","event":"Filling up the DagBag from /opt/airflow/dags/10_Special_Date_dag.py","logger":"airflow.models.dagbag.BundleDagBag","filename":"dagbag.py","lineno":593}
{"timestamp":"2026-04-18T07:30:09.270581Z","level":"info","event":"Filling up the DagBag from /opt/airflow/dags/10_Special_Date_dag.py","logger":"airflow.models.dagbag.BundleDagBag","filename":"dagbag.py","lineno":593}
{"timestamp":"2026-04-18T07:30:39.626820Z","level":"info","event":"Filling up the DagBag from /opt/airflow/dags/10_Special_Date_dag.py","logger":"airflow.models.dagbag.BundleDagBag","filename":"dagbag.py","lineno":593}
{"timestamp":"2026-04-18T07:31:10.311607Z","level":"info","event":"Filling up the DagBag from /opt/airflow/dags/10_Special_Date_dag.py","logger":"airflow.models.dagbag.BundleDagBag","filename":"dagbag.py","lineno":593}
{"timestamp":"2026-04-18T07:31:41.452309Z","level":"info","event":"Filling up the DagBag from /opt/airflow/dags/10_Special_Date_dag.py","logger":"airflow.models.dagbag.BundleDagBag","filename":"dagbag.py","lineno":593}
{"timestamp":"2026-04-18T07:32:12.254749Z","level":"info","event":"Filling up the DagBag from /opt/airflow/dags/10_Special_Date_dag.py","logger":"airflow.models.dagbag.BundleDagBag","filename":"dagbag.py","lineno":593}
{"timestamp":"2026-04-18T07:32:43.292690Z","level":"info","event":"Filling up the DagBag from /opt/airflow/dags/10_Special_Date_dag.py","logger":"airflow.models.dagbag.BundleDagBag","filename":"dagbag.py","lineno":593}
{"timestamp":"2026-04-18T07:33:14.088272Z","level":"info","event":"Filling up the DagBag from /opt/airflow/dags/10_Special_Date_dag.py","logger":"airflow.models.dagbag.BundleDagBag","filename":"dagbag.py","lineno":593}
{"timestamp":"2026-04-18T07:33:45.143307Z","level":"info","event":"Filling up the DagBag from /opt/airflow/dags/10_Special_Date_dag.py","logger":"airflow.models.dagbag.BundleDagBag","filename":"dagbag.py","lineno":593}
{"timestamp":"2026-04-18T07:34:15.708877Z","level":"info","event":"Filling up the DagBag from /opt/airflow/dags/10_Special_Date_dag.py","logger":"airflow.models.dagbag.BundleDagBag","filename":"dagbag.py","lineno":593}
{"timestamp":"2026-04-18T07:34:46.488984Z","level":"info","event":"Filling up the DagBag from /opt/airflow/dags/10_Special_Date_dag.py","logger":"airflow.models.dagbag.BundleDagBag","filename":"dagbag.py","lineno":593}
{"timestamp":"2026-04-18T07:35:17.094885Z","level":"info","event":"Filling up the DagBag from /opt/airflow/dags/10_Special_Date_dag.py","logger":"airflow.models.dagbag.BundleDagBag","filename":"dagbag.py","lineno":593}
{"timestamp":"2026-04-18T07:35:47.652798Z","level":"info","event":"Filling up the DagBag from /opt/airflow/dags/10_Special_Date_dag.py","logger":"airflow.models.dagbag.BundleDagBag","filename":"dagbag.py","lineno":593}
{"timestamp":"2026-04-18T07:36:18.562188Z","level":"info","event":"Filling up the DagBag from /opt/airflow/dags/10_Special_Date_dag.py","logger":"airflow.models.dagbag.BundleDagBag","filename":"dagbag.py","lineno":593}
{"timestamp":"2026-04-18T07:36:49.634243Z","level":"info","event":"Filling up the DagBag from /opt/airflow/dags/10_Special_Date_dag.py","logger":"airflow.models.dagbag.BundleDagBag","filename":"dagbag.py","lineno":593}
{"timestamp":"2026-04-18T07:37:20.160974Z","level":"info","event":"Filling up the DagBag from /opt/airflow/dags/10_Special_Date_dag.py","logger":"airflow.models.dagbag.BundleDagBag","filename":"dagbag.py","lineno":593}
{"timestamp":"2026-04-18T07:37:50.494010Z","level":"info","event":"Filling up the DagBag from /opt/airflow/dags/10_Special_Date_dag.py","logger":"airflow.models.dagbag.BundleDagBag","filename":"dagbag.py","lineno":593}
{"timestamp":"2026-04-18T07:38:21.093545Z","level":"info","event":"Filling up the DagBag from /opt/airflow/dags/10_Special_Date_dag.py","logger":"airflow.models.dagbag.BundleDagBag","filename":"dagbag.py","lineno":593}
{"timestamp":"2026-04-18T07:38:51.601117Z","level":"info","event":"Filling up the DagBag from /opt/airflow/dags/10_Special_Date_dag.py","logger":"airflow.models.dagbag.BundleDagBag","filename":"dagbag.py","lineno":593}
{"timestamp":"2026-04-18T07:39:22.247327Z","level":"info","event":"Filling up the DagBag from /opt/airflow/dags/10_Special_Date_dag.py","logger":"airflow.models.dagbag.BundleDagBag","filename":"dagbag.py","lineno":593}
{"timestamp":"2026-04-18T07:39:53.108896Z","level":"info","event":"Filling up the DagBag from /opt/airflow/dags/10_Special_Date_dag.py","logger":"airflow.models.dagbag.BundleDagBag","filename":"dagbag.py","lineno":593}
{"timestamp":"2026-04-18T07:40:24.045734Z","level":"info","event":"Filling up the DagBag from /opt/airflow/dags/10_Special_Date_dag.py","logger":"airflow.models.dagbag.BundleDagBag","filename":"dagbag.py","lineno":593}
{"timestamp":"2026-04-18T07:40:55.284238Z","level":"info","event":"Filling up the DagBag from /opt/airflow/dags/10_Special_Date_dag.py","logger":"airflow.models.dagbag.BundleDagBag","filename":"dagbag.py","lineno":593}
{"timestamp":"2026-04-18T07:41:26.303158Z","level":"info","event":"Filling up the DagBag from /opt/airflow/dags/10_Special_Date_dag.py","logger":"airflow.models.dagbag.BundleDagBag","filename":"dagbag.py","lineno":593}
{"timestamp":"2026-04-18T07:41:57.044189Z","level":"info","event":"Filling up the DagBag from /opt/airflow/dags/10_Special_Date_dag.py","logger":"airflow.models.dagbag.BundleDagBag","filename":"dagbag.py","lineno":593}
{"timestamp":"2026-04-18T07:42:27.509996Z","level":"info","event":"Filling up the DagBag from /opt/airflow/dags/10_Special_Date_dag.py","logger":"airflow.models.dagbag.BundleDagBag","filename":"dagbag.py","lineno":593}
{"timestamp":"2026-04-18T07:42:58.811442Z","level":"info","event":"Filling up the DagBag from /opt/airflow/dags/10_Special_Date_dag.py","logger":"airflow.models.dagbag.BundleDagBag","filename":"dagbag.py","lineno":593}
{"timestamp":"2026-04-18T07:43:29.768283Z","level":"info","event":"Filling up the DagBag from /opt/airflow/dags/10_Special_Date_dag.py","logger":"airflow.models.dagbag.BundleDagBag","filename":"dagbag.py","lineno":593}
{"timestamp":"2026-04-18T07:44:00.688000Z","level":"info","event":"Filling up the DagBag from /opt/airflow/dags/10_Special_Date_dag.py","logger":"airflow.models.dagbag.BundleDagBag","filename":"dagbag.py","lineno":593}
{"timestamp":"2026-04-18T07:44:31.329487Z","level":"info","event":"Filling up the DagBag from /opt/airflow/dags/10_Special_Date_dag.py","logger":"airflow.models.dagbag.BundleDagBag","filename":"dagbag.py","lineno":593}
{"timestamp":"2026-04-18T07:45:02.110422Z","level":"info","event":"Filling up the DagBag from /opt/airflow/dags/10_Special_Date_dag.py","logger":"airflow.models.dagbag.BundleDagBag","filename":"dagbag.py","lineno":593}
{"timestamp":"2026-04-18T07:45:32.644345Z","level":"info","event":"Filling up the DagBag from /opt/airflow/dags/10_Special_Date_dag.py","logger":"airflow.models.dagbag.BundleDagBag","filename":"dagbag.py","lineno":593}
{"timestamp":"2026-04-18T07:46:02.997318Z","level":"info","event":"Filling up the DagBag from /opt/airflow/dags/10_Special_Date_dag.py","logger":"airflow.models.dagbag.BundleDagBag","filename":"dagbag.py","lineno":593}
{"timestamp":"2026-04-18T07:46:34.163033Z","level":"info","event":"Filling up the DagBag from /opt/airflow/dags/10_Special_Date_dag.py","logger":"airflow.models.dagbag.BundleDagBag","filename":"dagbag.py","lineno":593}
{"timestamp":"2026-04-18T07:47:05.210670Z","level":"info","event":"Filling up the DagBag from /opt/airflow/dags/10_Special_Date_dag.py","logger":"airflow.models.dagbag.BundleDagBag","filename":"dagbag.py","lineno":593}
{"timestamp":"2026-04-18T07:47:35.849940Z","level":"info","event":"Filling up the DagBag from /opt/airflow/dags/10_Special_Date_dag.py","logger":"airflow.models.dagbag.BundleDagBag","filename":"dagbag.py","lineno":593}
{"timestamp":"2026-04-18T07:48:06.575993Z","level":"info","event":"Filling up the DagBag from /opt/airflow/dags/10_Special_Date_dag.py","logger":"airflow.models.dagbag.BundleDagBag","filename":"dagbag.py","lineno":593}
{"timestamp":"2026-04-18T07:48:38.254030Z","level":"info","event":"Filling up the DagBag from /opt/airflow/dags/10_Special_Date_dag.py","logger":"airflow.models.dagbag.BundleDagBag","filename":"dagbag.py","lineno":593}
{"timestamp":"2026-04-18T07:49:09.131913Z","level":"info","event":"Filling up the DagBag from /opt/airflow/dags/10_Special_Date_dag.py","logger":"airflow.models.dagbag.BundleDagBag","filename":"dagbag.py","lineno":593}
{"timestamp":"2026-04-18T07:49:39.910871Z","level":"info","event":"Filling up the DagBag from /opt/airflow/dags/10_Special_Date_dag.py","logger":"airflow.models.dagbag.BundleDagBag","filename":"dagbag.py","lineno":593}
{"timestamp":"2026-04-18T07:50:11.583208Z","level":"info","event":"Filling up the DagBag from /opt/airflow/dags/10_Special_Date_dag.py","logger":"airflow.models.dagbag.BundleDagBag","filename":"dagbag.py","lineno":593}
{"timestamp":"2026-04-18T07:50:43.286223Z","level":"info","event":"Filling up the DagBag from /opt/airflow/dags/10_Special_Date_dag.py","logger":"airflow.models.dagbag.BundleDagBag","filename":"dagbag.py","lineno":593}
{"timestamp":"2026-04-18T07:51:15.258994Z","level":"info","event":"Filling up the DagBag from /opt/airflow/dags/10_Special_Date_dag.py","logger":"airflow.models.dagbag.BundleDagBag","filename":"dagbag.py","lineno":593}
{"timestamp":"2026-04-18T07:51:47.117681Z","level":"info","event":"Filling up the DagBag from /opt/airflow/dags/10_Special_Date_dag.py","logger":"airflow.models.dagbag.BundleDagBag","filename":"dagbag.py","lineno":593}
{"timestamp":"2026-04-18T07:52:18.555816Z","level":"info","event":"Filling up the DagBag from /opt/airflow/dags/10_Special_Date_dag.py","logger":"airflow.models.dagbag.BundleDagBag","filename":"dagbag.py","lineno":593}
{"timestamp":"2026-04-18T07:52:49.952212Z","level":"info","event":"Filling up the DagBag from /opt/airflow/dags/10_Special_Date_dag.py","logger":"airflow.models.dagbag.BundleDagBag","filename":"dagbag.py","lineno":593}
{"timestamp":"2026-04-18T07:53:21.415466Z","level":"info","event":"Filling up the DagBag from /opt/airflow/dags/10_Special_Date_dag.py","logger":"airflow.models.dagbag.BundleDagBag","filename":"dagbag.py","lineno":593}
{"timestamp":"2026-04-18T07:53:53.428350Z","level":"info","event":"Filling up the DagBag from /opt/airflow/dags/10_Special_Date_dag.py","logger":"airflow.models.dagbag.BundleDagBag","filename":"dagbag.py","lineno":593}
{"timestamp":"2026-04-18T07:54:24.856862Z","level":"info","event":"Filling up the DagBag from /opt/airflow/dags/10_Special_Date_dag.py","logger":"airflow.models.dagbag.BundleDagBag","filename":"dagbag.py","lineno":593}
{"timestamp":"2026-04-18T07:54:56.956735Z","level":"info","event":"Filling up the DagBag from /opt/airflow/dags/10_Special_Date_dag.py","logger":"airflow.models.dagbag.BundleDagBag","filename":"dagbag.py","lineno":593}
{"timestamp":"2026-04-18T07:55:28.864498Z","level":"info","event":"Filling up the DagBag from /opt/airflow/dags/10_Special_Date_dag.py","logger":"airflow.models.dagbag.BundleDagBag","filename":"dagbag.py","lineno":593}
{"timestamp":"2026-04-18T07:56:00.436283Z","level":"info","event":"Filling up the DagBag from /opt/airflow/dags/10_Special_Date_dag.py","logger":"airflow.models.dagbag.BundleDagBag","filename":"dagbag.py","lineno":593}
{"timestamp":"2026-04-18T07:56:32.414508Z","level":"info","event":"Filling up the DagBag from /opt/airflow/dags/10_Special_Date_dag.py","logger":"airflow.models.dagbag.BundleDagBag","filename":"dagbag.py","lineno":593}
{"timestamp":"2026-04-18T07:57:04.227040Z","level":"info","event":"Filling up the DagBag from /opt/airflow/dags/10_Special_Date_dag.py","logger":"airflow.models.dagbag.BundleDagBag","filename":"dagbag.py","lineno":593}
{"timestamp":"2026-04-18T07:57:35.512543Z","level":"info","event":"Filling up the DagBag from /opt/airflow/dags/10_Special_Date_dag.py","logger":"airflow.models.dagbag.BundleDagBag","filename":"dagbag.py","lineno":593}
{"timestamp":"2026-04-18T07:58:07.096128Z","level":"info","event":"Filling up the DagBag from /opt/airflow/dags/10_Special_Date_dag.py","logger":"airflow.models.dagbag.BundleDagBag","filename":"dagbag.py","lineno":593}
{"timestamp":"2026-04-18T07:58:39.477461Z","level":"info","event":"Filling up the DagBag from /opt/airflow/dags/10_Special_Date_dag.py","logger":"airflow.models.dagbag.BundleDagBag","filename":"dagbag.py","lineno":593}
{"timestamp":"2026-04-18T07:59:10.997298Z","level":"info","event":"Filling up the DagBag from /opt/airflow/dags/10_Special_Date_dag.py","logger":"airflow.models.dagbag.BundleDagBag","filename":"dagbag.py","lineno":593}
{"timestamp":"2026-04-18T07:59:42.396440Z","level":"info","event":"Filling up the DagBag from /opt/airflow/dags/10_Special_Date_dag.py","logger":"airflow.models.dagbag.BundleDagBag","filename":"dagbag.py","lineno":593}
{"timestamp":"2026-04-18T08:00:13.930980Z","level":"info","event":"Filling up the DagBag from /opt/airflow/dags/10_Special_Date_dag.py","logger":"airflow.models.dagbag.BundleDagBag","filename":"dagbag.py","lineno":593}
{"timestamp":"2026-04-18T08:00:45.992258Z","level":"info","event":"Filling up the DagBag from /opt/airflow/dags/10_Special_Date_dag.py","logger":"airflow.models.dagbag.BundleDagBag","filename":"dagbag.py","lineno":593}
{"timestamp":"2026-04-18T08:01:17.549961Z","level":"info","event":"Filling up the DagBag from /opt/airflow/dags/10_Special_Date_dag.py","logger":"airflow.models.dagbag.BundleDagBag","filename":"dagbag.py","lineno":593}
{"timestamp":"2026-04-18T08:01:49.436951Z","level":"info","event":"Filling up the DagBag from /opt/airflow/dags/10_Special_Date_dag.py","logger":"airflow.models.dagbag.BundleDagBag","filename":"dagbag.py","lineno":593}
{"timestamp":"2026-04-18T08:02:21.345647Z","level":"info","event":"Filling up the DagBag from /opt/airflow/dags/10_Special_Date_dag.py","logger":"airflow.models.dagbag.BundleDagBag","filename":"dagbag.py","lineno":593}
{"timestamp":"2026-04-18T08:02:53.252819Z","level":"info","event":"Filling up the DagBag from /opt/airflow/dags/10_Special_Date_dag.py","logger":"airflow.models.dagbag.BundleDagBag","filename":"dagbag.py","lineno":593}
{"timestamp":"2026-04-18T08:03:24.686168Z","level":"info","event":"Filling up the DagBag from /opt/airflow/dags/10_Special_Date_dag.py","logger":"airflow.models.dagbag.BundleDagBag","filename":"dagbag.py","lineno":593}
{"timestamp":"2026-04-18T08:03:56.371515Z","level":"info","event":"Filling up the DagBag from /opt/airflow/dags/10_Special_Date_dag.py","logger":"airflow.models.dagbag.BundleDagBag","filename":"dagbag.py","lineno":593}
{"timestamp":"2026-04-18T08:04:26.986641Z","level":"info","event":"Filling up the DagBag from /opt/airflow/dags/10_Special_Date_dag.py","logger":"airflow.models.dagbag.BundleDagBag","filename":"dagbag.py","lineno":593}
{"timestamp":"2026-04-18T08:05:00.058199Z","level":"info","event":"Filling up the DagBag from /opt/airflow/dags/10_Special_Date_dag.py","logger":"airflow.models.dagbag.BundleDagBag","filename":"dagbag.py","lineno":593}
{"timestamp":"2026-04-18T08:05:31.680313Z","level":"info","event":"Filling up the DagBag from /opt/airflow/dags/10_Special_Date_dag.py","logger":"airflow.models.dagbag.BundleDagBag","filename":"dagbag.py","lineno":593}
{"timestamp":"2026-04-18T08:06:03.102818Z","level":"info","event":"Filling up the DagBag from /opt/airflow/dags/10_Special_Date_dag.py","logger":"airflow.models.dagbag.BundleDagBag","filename":"dagbag.py","lineno":593}
{"timestamp":"2026-04-18T08:06:34.800762Z","level":"info","event":"Filling up the DagBag from /opt/airflow/dags/10_Special_Date_dag.py","logger":"airflow.models.dagbag.BundleDagBag","filename":"dagbag.py","lineno":593}
{"timestamp":"2026-04-18T08:07:05.399930Z","level":"info","event":"Filling up the DagBag from /opt/airflow/dags/10_Special_Date_dag.py","logger":"airflow.models.dagbag.BundleDagBag","filename":"dagbag.py","lineno":593}
{"timestamp":"2026-04-18T08:07:38.283477Z","level":"info","event":"Filling up the DagBag from /opt/airflow/dags/10_Special_Date_dag.py","logger":"airflow.models.dagbag.BundleDagBag","filename":"dagbag.py","lineno":593}
{"timestamp":"2026-04-18T08:08:09.726912Z","level":"info","event":"Filling up the DagBag from /opt/airflow/dags/10_Special_Date_dag.py","logger":"airflow.models.dagbag.BundleDagBag","filename":"dagbag.py","lineno":593}
{"timestamp":"2026-04-18T08:08:40.087810Z","level":"info","event":"Filling up the DagBag from /opt/airflow/dags/10_Special_Date_dag.py","logger":"airflow.models.dagbag.BundleDagBag","filename":"dagbag.py","lineno":593}
{"timestamp":"2026-04-18T08:09:10.455145Z","level":"info","event":"Filling up the DagBag from /opt/airflow/dags/10_Special_Date_dag.py","logger":"airflow.models.dagbag.BundleDagBag","filename":"dagbag.py","lineno":593}
{"timestamp":"2026-04-18T08:09:41.302750Z","level":"info","event":"Filling up the DagBag from /opt/airflow/dags/10_Special_Date_dag.py","logger":"airflow.models.dagbag.BundleDagBag","filename":"dagbag.py","lineno":593}
{"timestamp":"2026-04-18T08:10:12.002022Z","level":"info","event":"Filling up the DagBag from /opt/airflow/dags/10_Special_Date_dag.py","logger":"airflow.models.dagbag.BundleDagBag","filename":"dagbag.py","lineno":593}
{"timestamp":"2026-04-18T08:10:43.001024Z","level":"info","event":"Filling up the DagBag from /opt/airflow/dags/10_Special_Date_dag.py","logger":"airflow.models.dagbag.BundleDagBag","filename":"dagbag.py","lineno":593}
{"timestamp":"2026-04-18T08:11:13.808036Z","level":"info","event":"Filling up the DagBag from /opt/airflow/dags/10_Special_Date_dag.py","logger":"airflow.models.dagbag.BundleDagBag","filename":"dagbag.py","lineno":593}
{"timestamp":"2026-04-18T08:11:44.735203Z","level":"info","event":"Filling up the DagBag from /opt/airflow/dags/10_Special_Date_dag.py","logger":"airflow.models.dagbag.BundleDagBag","filename":"dagbag.py","lineno":593}
{"timestamp":"2026-04-18T08:12:15.411120Z","level":"info","event":"Filling up the DagBag from /opt/airflow/dags/10_Special_Date_dag.py","logger":"airflow.models.dagbag.BundleDagBag","filename":"dagbag.py","lineno":593}
{"timestamp":"2026-04-18T08:12:46.146361Z","level":"info","event":"Filling up the DagBag from /opt/airflow/dags/10_Special_Date_dag.py","logger":"airflow.models.dagbag.BundleDagBag","filename":"dagbag.py","lineno":593}
{"timestamp":"2026-04-18T08:13:16.743525Z","level":"info","event":"Filling up the DagBag from /opt/airflow/dags/10_Special_Date_dag.py","logger":"airflow.models.dagbag.BundleDagBag","filename":"dagbag.py","lineno":593}
{"timestamp":"2026-04-18T08:13:47.808338Z","level":"info","event":"Filling up the DagBag from /opt/airflow/dags/10_Special_Date_dag.py","logger":"airflow.models.dagbag.BundleDagBag","filename":"dagbag.py","lineno":593}
{"timestamp":"2026-04-18T08:14:19.089848Z","level":"info","event":"Filling up the DagBag from /opt/airflow/dags/10_Special_Date_dag.py","logger":"airflow.models.dagbag.BundleDagBag","filename":"dagbag.py","lineno":593}
{"timestamp":"2026-04-18T08:14:50.181189Z","level":"info","event":"Filling up the DagBag from /opt/airflow/dags/10_Special_Date_dag.py","logger":"airflow.models.dagbag.BundleDagBag","filename":"dagbag.py","lineno":593}
{"timestamp":"2026-04-18T08:15:21.035870Z","level":"info","event":"Filling up the DagBag from /opt/airflow/dags/10_Special_Date_dag.py","logger":"airflow.models.dagbag.BundleDagBag","filename":"dagbag.py","lineno":593}
{"timestamp":"2026-04-18T08:15:52.005927Z","level":"info","event":"Filling up the DagBag from /opt/airflow/dags/10_Special_Date_dag.py","logger":"airflow.models.dagbag.BundleDagBag","filename":"dagbag.py","lineno":593}
{"timestamp":"2026-04-18T08:16:22.697594Z","level":"info","event":"Filling up the DagBag from /opt/airflow/dags/10_Special_Date_dag.py","logger":"airflow.models.dagbag.BundleDagBag","filename":"dagbag.py","lineno":593}
{"timestamp":"2026-04-18T08:16:52.945056Z","level":"info","event":"Filling up the DagBag from /opt/airflow/dags/10_Special_Date_dag.py","logger":"airflow.models.dagbag.BundleDagBag","filename":"dagbag.py","lineno":593}
{"timestamp":"2026-04-18T08:17:23.988594Z","level":"info","event":"Filling up the DagBag from /opt/airflow/dags/10_Special_Date_dag.py","logger":"airflow.models.dagbag.BundleDagBag","filename":"dagbag.py","lineno":593}
{"timestamp":"2026-04-18T08:17:55.103888Z","level":"info","event":"Filling up the DagBag from /opt/airflow/dags/10_Special_Date_dag.py","logger":"airflow.models.dagbag.BundleDagBag","filename":"dagbag.py","lineno":593}
{"timestamp":"2026-04-18T08:18:26.614561Z","level":"info","event":"Filling up the DagBag from /opt/airflow/dags/10_Special_Date_dag.py","logger":"airflow.models.dagbag.BundleDagBag","filename":"dagbag.py","lineno":593}
{"timestamp":"2026-04-18T08:18:57.193958Z","level":"info","event":"Filling up the DagBag from /opt/airflow/dags/10_Special_Date_dag.py","logger":"airflow.models.dagbag.BundleDagBag","filename":"dagbag.py","lineno":593}
{"timestamp":"2026-04-18T08:19:27.610247Z","level":"info","event":"Filling up the DagBag from /opt/airflow/dags/10_Special_Date_dag.py","logger":"airflow.models.dagbag.BundleDagBag","filename":"dagbag.py","lineno":593}
{"timestamp":"2026-04-18T08:19:58.591418Z","level":"info","event":"Filling up the DagBag from /opt/airflow/dags/10_Special_Date_dag.py","logger":"airflow.models.dagbag.BundleDagBag","filename":"dagbag.py","lineno":593}
{"timestamp":"2026-04-18T08:20:29.023242Z","level":"info","event":"Filling up the DagBag from /opt/airflow/dags/10_Special_Date_dag.py","logger":"airflow.models.dagbag.BundleDagBag","filename":"dagbag.py","lineno":593}
{"timestamp":"2026-04-18T08:20:59.735629Z","level":"info","event":"Filling up the DagBag from /opt/airflow/dags/10_Special_Date_dag.py","logger":"airflow.models.dagbag.BundleDagBag","filename":"dagbag.py","lineno":593}
{"timestamp":"2026-04-18T08:21:30.300824Z","level":"info","event":"Filling up the DagBag from /opt/airflow/dags/10_Special_Date_dag.py","logger":"airflow.models.dagbag.BundleDagBag","filename":"dagbag.py","lineno":593}
{"timestamp":"2026-04-18T08:22:01.471790Z","level":"info","event":"Filling up the DagBag from /opt/airflow/dags/10_Special_Date_dag.py","logger":"airflow.models.dagbag.BundleDagBag","filename":"dagbag.py","lineno":593}
{"timestamp":"2026-04-18T08:22:32.755262Z","level":"info","event":"Filling up the DagBag from /opt/airflow/dags/10_Special_Date_dag.py","logger":"airflow.models.dagbag.BundleDagBag","filename":"dagbag.py","lineno":593}
{"timestamp":"2026-04-18T08:23:03.380258Z","level":"info","event":"Filling up the DagBag from /opt/airflow/dags/10_Special_Date_dag.py","logger":"airflow.models.dagbag.BundleDagBag","filename":"dagbag.py","lineno":593}
{"timestamp":"2026-04-18T08:23:33.822814Z","level":"info","event":"Filling up the DagBag from /opt/airflow/dags/10_Special_Date_dag.py","logger":"airflow.models.dagbag.BundleDagBag","filename":"dagbag.py","lineno":593}
{"timestamp":"2026-04-18T08:24:04.609987Z","level":"info","event":"Filling up the DagBag from /opt/airflow/dags/10_Special_Date_dag.py","logger":"airflow.models.dagbag.BundleDagBag","filename":"dagbag.py","lineno":593}
{"timestamp":"2026-04-18T08:24:35.166639Z","level":"info","event":"Filling up the DagBag from /opt/airflow/dags/10_Special_Date_dag.py","logger":"airflow.models.dagbag.BundleDagBag","filename":"dagbag.py","lineno":593}
{"timestamp":"2026-04-18T08:25:07.088318Z","level":"info","event":"Filling up the DagBag from /opt/airflow/dags/10_Special_Date_dag.py","logger":"airflow.models.dagbag.BundleDagBag","filename":"dagbag.py","lineno":593}
{"timestamp":"2026-04-18T08:25:38.675475Z","level":"info","event":"Filling up the DagBag from /opt/airflow/dags/10_Special_Date_dag.py","logger":"airflow.models.dagbag.BundleDagBag","filename":"dagbag.py","lineno":593}
{"timestamp":"2026-04-18T08:26:10.405945Z","level":"info","event":"Filling up the DagBag from /opt/airflow/dags/10_Special_Date_dag.py","logger":"airflow.models.dagbag.BundleDagBag","filename":"dagbag.py","lineno":593}
{"timestamp":"2026-04-18T08:26:42.523294Z","level":"info","event":"Filling up the DagBag from /opt/airflow/dags/10_Special_Date_dag.py","logger":"airflow.models.dagbag.BundleDagBag","filename":"dagbag.py","lineno":593}
{"timestamp":"2026-04-18T08:27:14.110153Z","level":"info","event":"Filling up the DagBag from /opt/airflow/dags/10_Special_Date_dag.py","logger":"airflow.models.dagbag.BundleDagBag","filename":"dagbag.py","lineno":593}
{"timestamp":"2026-04-18T08:27:45.690342Z","level":"info","event":"Filling up the DagBag from /opt/airflow/dags/10_Special_Date_dag.py","logger":"airflow.models.dagbag.BundleDagBag","filename":"dagbag.py","lineno":593}
{"timestamp":"2026-04-18T08:28:17.817936Z","level":"info","event":"Filling up the DagBag from /opt/airflow/dags/10_Special_Date_dag.py","logger":"airflow.models.dagbag.BundleDagBag","filename":"dagbag.py","lineno":593}
{"timestamp":"2026-04-18T08:28:48.238140Z","level":"info","event":"Filling up the DagBag from /opt/airflow/dags/10_Special_Date_dag.py","logger":"airflow.models.dagbag.BundleDagBag","filename":"dagbag.py","lineno":593}
{"timestamp":"2026-04-18T08:29:21.310447Z","level":"info","event":"Filling up the DagBag from /opt/airflow/dags/10_Special_Date_dag.py","logger":"airflow.models.dagbag.BundleDagBag","filename":"dagbag.py","lineno":593}
{"timestamp":"2026-04-18T08:29:52.820013Z","level":"info","event":"Filling up the DagBag from /opt/airflow/dags/10_Special_Date_dag.py","logger":"airflow.models.dagbag.BundleDagBag","filename":"dagbag.py","lineno":593}
{"timestamp":"2026-04-18T08:30:24.708884Z","level":"info","event":"Filling up the DagBag from /opt/airflow/dags/10_Special_Date_dag.py","logger":"airflow.models.dagbag.BundleDagBag","filename":"dagbag.py","lineno":593}
{"timestamp":"2026-04-18T08:30:56.598638Z","level":"info","event":"Filling up the DagBag from /opt/airflow/dags/10_Special_Date_dag.py","logger":"airflow.models.dagbag.BundleDagBag","filename":"dagbag.py","lineno":593}
{"timestamp":"2026-04-18T08:31:28.383106Z","level":"info","event":"Filling up the DagBag from /opt/airflow/dags/10_Special_Date_dag.py","logger":"airflow.models.dagbag.BundleDagBag","filename":"dagbag.py","lineno":593}
{"timestamp":"2026-04-18T08:31:58.875894Z","level":"info","event":"Filling up the DagBag from /opt/airflow/dags/10_Special_Date_dag.py","logger":"airflow.models.dagbag.BundleDagBag","filename":"dagbag.py","lineno":593}
{"timestamp":"2026-04-18T08:32:32.463332Z","level":"info","event":"Filling up the DagBag from /opt/airflow/dags/10_Special_Date_dag.py","logger":"airflow.models.dagbag.BundleDagBag","filename":"dagbag.py","lineno":593}
{"timestamp":"2026-04-18T08:33:03.791614Z","level":"info","event":"Filling up the DagBag from /opt/airflow/dags/10_Special_Date_dag.py","logger":"airflow.models.dagbag.BundleDagBag","filename":"dagbag.py","lineno":593}
{"timestamp":"2026-04-18T08:33:34.228468Z","level":"info","event":"Filling up the DagBag from /opt/airflow/dags/10_Special_Date_dag.py","logger":"airflow.models.dagbag.BundleDagBag","filename":"dagbag.py","lineno":593}
{"timestamp":"2026-04-18T08:34:07.853394Z","level":"info","event":"Filling up the DagBag from /opt/airflow/dags/10_Special_Date_dag.py","logger":"airflow.models.dagbag.BundleDagBag","filename":"dagbag.py","lineno":593}
{"timestamp":"2026-04-18T08:34:38.184616Z","level":"info","event":"Filling up the DagBag from /opt/airflow/dags/10_Special_Date_dag.py","logger":"airflow.models.dagbag.BundleDagBag","filename":"dagbag.py","lineno":593}
{"timestamp":"2026-04-18T08:35:08.555651Z","level":"info","event":"Filling up the DagBag from /opt/airflow/dags/10_Special_Date_dag.py","logger":"airflow.models.dagbag.BundleDagBag","filename":"dagbag.py","lineno":593}
{"timestamp":"2026-04-18T08:35:39.154111Z","level":"info","event":"Filling up the DagBag from /opt/airflow/dags/10_Special_Date_dag.py","logger":"airflow.models.dagbag.BundleDagBag","filename":"dagbag.py","lineno":593}
{"timestamp":"2026-04-18T08:36:09.617259Z","level":"info","event":"Filling up the DagBag from /opt/airflow/dags/10_Special_Date_dag.py","logger":"airflow.models.dagbag.BundleDagBag","filename":"dagbag.py","lineno":593}
{"timestamp":"2026-04-18T08:36:40.078116Z","level":"info","event":"Filling up the DagBag from /opt/airflow/dags/10_Special_Date_dag.py","logger":"airflow.models.dagbag.BundleDagBag","filename":"dagbag.py","lineno":593}
{"timestamp":"2026-04-18T08:37:10.421239Z","level":"info","event":"Filling up the DagBag from /opt/airflow/dags/10_Special_Date_dag.py","logger":"airflow.models.dagbag.BundleDagBag","filename":"dagbag.py","lineno":593}
{"timestamp":"2026-04-18T08:37:40.809636Z","level":"info","event":"Filling up the DagBag from /opt/airflow/dags/10_Special_Date_dag.py","logger":"airflow.models.dagbag.BundleDagBag","filename":"dagbag.py","lineno":593}
{"timestamp":"2026-04-18T08:38:11.271727Z","level":"info","event":"Filling up the DagBag from /opt/airflow/dags/10_Special_Date_dag.py","logger":"airflow.models.dagbag.BundleDagBag","filename":"dagbag.py","lineno":593}
{"timestamp":"2026-04-18T08:38:41.484360Z","level":"info","event":"Filling up the DagBag from /opt/airflow/dags/10_Special_Date_dag.py","logger":"airflow.models.dagbag.BundleDagBag","filename":"dagbag.py","lineno":593}
{"timestamp":"2026-04-18T08:39:11.947097Z","level":"info","event":"Filling up the DagBag from /opt/airflow/dags/10_Special_Date_dag.py","logger":"airflow.models.dagbag.BundleDagBag","filename":"dagbag.py","lineno":593}
{"timestamp":"2026-04-18T08:39:42.242894Z","level":"info","event":"Filling up the DagBag from /opt/airflow/dags/10_Special_Date_dag.py","logger":"airflow.models.dagbag.BundleDagBag","filename":"dagbag.py","lineno":593}
{"timestamp":"2026-04-18T08:40:12.812839Z","level":"info","event":"Filling up the DagBag from /opt/airflow/dags/10_Special_Date_dag.py","logger":"airflow.models.dagbag.BundleDagBag","filename":"dagbag.py","lineno":593}
{"timestamp":"2026-04-18T08:40:43.126847Z","level":"info","event":"Filling up the DagBag from /opt/airflow/dags/10_Special_Date_dag.py","logger":"airflow.models.dagbag.BundleDagBag","filename":"dagbag.py","lineno":593}
{"timestamp":"2026-04-18T08:41:14.098233Z","level":"info","event":"Filling up the DagBag from /opt/airflow/dags/10_Special_Date_dag.py","logger":"airflow.models.dagbag.BundleDagBag","filename":"dagbag.py","lineno":593}
{"timestamp":"2026-04-18T08:41:44.545153Z","level":"info","event":"Filling up the DagBag from /opt/airflow/dags/10_Special_Date_dag.py","logger":"airflow.models.dagbag.BundleDagBag","filename":"dagbag.py","lineno":593}
{"timestamp":"2026-04-18T08:42:14.994391Z","level":"info","event":"Filling up the DagBag from /opt/airflow/dags/10_Special_Date_dag.py","logger":"airflow.models.dagbag.BundleDagBag","filename":"dagbag.py","lineno":593}
{"timestamp":"2026-04-18T08:42:45.448894Z","level":"info","event":"Filling up the DagBag from /opt/airflow/dags/10_Special_Date_dag.py","logger":"airflow.models.dagbag.BundleDagBag","filename":"dagbag.py","lineno":593}
{"timestamp":"2026-04-18T08:43:15.625797Z","level":"info","event":"Filling up the DagBag from /opt/airflow/dags/10_Special_Date_dag.py","logger":"airflow.models.dagbag.BundleDagBag","filename":"dagbag.py","lineno":593}
{"timestamp":"2026-04-18T08:43:46.433074Z","level":"info","event":"Filling up the DagBag from /opt/airflow/dags/10_Special_Date_dag.py","logger":"airflow.models.dagbag.BundleDagBag","filename":"dagbag.py","lineno":593}
{"timestamp":"2026-04-18T08:44:16.742792Z","level":"info","event":"Filling up the DagBag from /opt/airflow/dags/10_Special_Date_dag.py","logger":"airflow.models.dagbag.BundleDagBag","filename":"dagbag.py","lineno":593}
{"timestamp":"2026-04-18T09:14:28.208500Z","level":"info","event":"Filling up the DagBag from /opt/airflow/dags/10_Special_Date_dag.py","logger":"airflow.models.dagbag.BundleDagBag","filename":"dagbag.py","lineno":593}
{"timestamp":"2026-04-18T09:49:44.666703Z","level":"info","event":"Filling up the DagBag from /opt/airflow/dags/10_Special_Date_dag.py","logger":"airflow.models.dagbag.BundleDagBag","filename":"dagbag.py","lineno":593}
{"timestamp":"2026-04-18T09:50:18.260812Z","level":"info","event":"Filling up the DagBag from /opt/airflow/dags/10_Special_Date_dag.py","logger":"airflow.models.dagbag.BundleDagBag","filename":"dagbag.py","lineno":593}
{"timestamp":"2026-04-18T09:50:48.621058Z","level":"info","event":"Filling up the DagBag from /opt/airflow/dags/10_Special_Date_dag.py","logger":"airflow.models.dagbag.BundleDagBag","filename":"dagbag.py","lineno":593}
{"timestamp":"2026-04-18T09:51:19.198967Z","level":"info","event":"Filling up the DagBag from /opt/airflow/dags/10_Special_Date_dag.py","logger":"airflow.models.dagbag.BundleDagBag","filename":"dagbag.py","lineno":593}
{"timestamp":"2026-04-18T09:51:49.782277Z","level":"info","event":"Filling up the DagBag from /opt/airflow/dags/10_Special_Date_dag.py","logger":"airflow.models.dagbag.BundleDagBag","filename":"dagbag.py","lineno":593}
{"timestamp":"2026-04-18T09:52:20.946989Z","level":"info","event":"Filling up the DagBag from /opt/airflow/dags/10_Special_Date_dag.py","logger":"airflow.models.dagbag.BundleDagBag","filename":"dagbag.py","lineno":593}
{"timestamp":"2026-04-18T09:52:52.511861Z","level":"info","event":"Filling up the DagBag from /opt/airflow/dags/10_Special_Date_dag.py","logger":"airflow.models.dagbag.BundleDagBag","filename":"dagbag.py","lineno":593}
{"timestamp":"2026-04-18T09:53:22.950710Z","level":"info","event":"Filling up the DagBag from /opt/airflow/dags/10_Special_Date_dag.py","logger":"airflow.models.dagbag.BundleDagBag","filename":"dagbag.py","lineno":593}
{"timestamp":"2026-04-18T09:53:54.230636Z","level":"info","event":"Filling up the DagBag from /opt/airflow/dags/10_Special_Date_dag.py","logger":"airflow.models.dagbag.BundleDagBag","filename":"dagbag.py","lineno":593}
{"timestamp":"2026-04-18T09:54:25.782314Z","level":"info","event":"Filling up the DagBag from /opt/airflow/dags/10_Special_Date_dag.py","logger":"airflow.models.dagbag.BundleDagBag","filename":"dagbag.py","lineno":593}
{"timestamp":"2026-04-18T09:54:57.706365Z","level":"info","event":"Filling up the DagBag from /opt/airflow/dags/10_Special_Date_dag.py","logger":"airflow.models.dagbag.BundleDagBag","filename":"dagbag.py","lineno":593}
{"timestamp":"2026-04-18T09:55:28.485199Z","level":"info","event":"Filling up the DagBag from /opt/airflow/dags/10_Special_Date_dag.py","logger":"airflow.models.dagbag.BundleDagBag","filename":"dagbag.py","lineno":593}
{"timestamp":"2026-04-18T09:56:02.101698Z","level":"info","event":"Filling up the DagBag from /opt/airflow/dags/10_Special_Date_dag.py","logger":"airflow.models.dagbag.BundleDagBag","filename":"dagbag.py","lineno":593}
{"timestamp":"2026-04-18T09:56:33.975067Z","level":"info","event":"Filling up the DagBag from /opt/airflow/dags/10_Special_Date_dag.py","logger":"airflow.models.dagbag.BundleDagBag","filename":"dagbag.py","lineno":593}
{"timestamp":"2026-04-18T09:57:04.620985Z","level":"info","event":"Filling up the DagBag from /opt/airflow/dags/10_Special_Date_dag.py","logger":"airflow.models.dagbag.BundleDagBag","filename":"dagbag.py","lineno":593}
{"timestamp":"2026-04-18T09:57:37.684724Z","level":"info","event":"Filling up the DagBag from /opt/airflow/dags/10_Special_Date_dag.py","logger":"airflow.models.dagbag.BundleDagBag","filename":"dagbag.py","lineno":593}
{"timestamp":"2026-04-18T09:58:13.249205Z","level":"info","event":"Filling up the DagBag from /opt/airflow/dags/10_Special_Date_dag.py","logger":"airflow.models.dagbag.BundleDagBag","filename":"dagbag.py","lineno":593}
{"timestamp":"2026-04-18T09:58:48.005622Z","level":"info","event":"Filling up the DagBag from /opt/airflow/dags/10_Special_Date_dag.py","logger":"airflow.models.dagbag.BundleDagBag","filename":"dagbag.py","lineno":593}
{"timestamp":"2026-04-18T09:59:18.918146Z","level":"info","event":"Filling up the DagBag from /opt/airflow/dags/10_Special_Date_dag.py","logger":"airflow.models.dagbag.BundleDagBag","filename":"dagbag.py","lineno":593}
{"timestamp":"2026-04-18T09:59:49.950636Z","level":"info","event":"Filling up the DagBag from /opt/airflow/dags/10_Special_Date_dag.py","logger":"airflow.models.dagbag.BundleDagBag","filename":"dagbag.py","lineno":593}
{"timestamp":"2026-04-18T10:00:21.642647Z","level":"info","event":"Filling up the DagBag from /opt/airflow/dags/10_Special_Date_dag.py","logger":"airflow.models.dagbag.BundleDagBag","filename":"dagbag.py","lineno":593}
{"timestamp":"2026-04-18T10:00:52.280668Z","level":"info","event":"Filling up the DagBag from /opt/airflow/dags/10_Special_Date_dag.py","logger":"airflow.models.dagbag.BundleDagBag","filename":"dagbag.py","lineno":593}
{"timestamp":"2026-04-18T10:01:23.163546Z","level":"info","event":"Filling up the DagBag from /opt/airflow/dags/10_Special_Date_dag.py","logger":"airflow.models.dagbag.BundleDagBag","filename":"dagbag.py","lineno":593}
